=== Starting Benchmark Run: v1 ===
Output Directory: ../data/nb_output/nbxx/benchmark_v1
Logging Output To: ../data/nb_output/nbxx/benchmark_v1/benchmark_20260311_093311.log

[+] Found cached Experiment 1 results. Skipping compute...

=== RANDOM BENCHMARK SUMMARY (CACHED) ===
      phys_rmse        interp_rmse        interp_nan_frac
           mean    std        mean    std            mean
frac                                                     
0.025     1.026  0.083       0.811  0.063           0.001
0.050     0.983  0.080       0.742  0.083           0.001
0.100     0.919  0.084       0.637  0.093           0.001
0.250     0.810  0.105       0.416  0.084           0.001
0.500     0.745  0.105       0.260  0.096           0.001
0.750     0.716  0.113       0.194  0.075           0.001
1.000     0.699  0.116       0.154  0.079           0.001

==================================================
 EXPERIMENT 1B: STRUCTURED GRID COARSENING
==================================================

--- Evaluating at Stride 1 ---
  (Stride 1: Evaluating baseline on the full dense grid itself)
