=== Starting Benchmark Run: v1 ===
Output Directory: ../data/nb_output/nbxx/benchmark_v1
Logging Output To: ../data/nb_output/nbxx/benchmark_v1/benchmark_20260311_184837.log

[+] Found existing Experiment 1 results at ../data/nb_output/nbxx/benchmark_v1/random_sparse_results.csv.

[+] All sparsity fractions already computed. Skipping compute...

=== RANDOM SPARSITY BENCHMARK SUMMARY (CACHED) ===
 train_frac  phys_rmse_mean  phys_rmse_std  interp_rmse_mean  interp_rmse_std  interp_nan_frac_mean  interp_nan_frac_std
      0.010           1.064          0.080             0.872            0.075                 0.001                0.002
      0.025           1.026          0.083             0.811            0.063                 0.001                0.002
      0.050           0.983          0.080             0.742            0.083                 0.001                0.002
      0.100           0.919          0.084             0.637            0.093                 0.001                0.002
      0.250           0.810          0.105             0.416            0.084                 0.001                0.002
      0.500           0.745          0.105             0.260            0.096                 0.001                0.002
      0.750           0.716          0.113             0.194            0.075                 0.001                0.002
      1.000           0.699          0.116             0.154            0.079                 0.001                0.002

[+] Found existing Experiment 1B results at ../data/nb_output/nbxx/benchmark_v1/coarsening_results.csv.

[+] All configurations already computed. Skipping compute...

=== COARSENING BENCHMARK SUMMARY (CACHED) ===
            stride_name  train_size  test_size  phys_rmse  interp_rmse  interp_nan_frac
               Stride 1        1839       1839      0.866        0.002            0.001
        Stride 2 (P, M)         530       1309      0.867        0.160            0.202
        Stride 3 (P, M)         222       1617      0.871        0.185            0.336
        Stride 4 (P, M)         166       1673      0.872        0.292            0.433
        Stride 5 (P, M)         115       1724      0.876        0.331            0.542
        Stride 6 (P, M)          80       1759      0.901        0.341            0.620
Stride 6 (P, M) + 2 (Z)          44       1795      0.945        1.563            0.655
Stride 6 (P, M) + 3 (Z)          31       1808      1.001        2.233            0.746
        Stride 7 (P, M)          50       1789      0.965        0.883            0.752
        Stride 8 (P, M)          46       1793      0.923        0.356            0.733

==================================================
 EXPERIMENT 2: STRUCTURED SPARSE GRID GENERALIZATION
==================================================
Mock Sparse Grid (Train): 23 valid CHE points
Dense Grid Holdout (Test): 1816 valid CHE points

Fitting Physical Model on Sparse Grid (takes a moment)...
Fitting Interpolator on Sparse Grid...

=== STRUCTURED GRID TEST RESULTS ===
  Physical Model RMSE : 1.001 M_sun
  Interpolator RMSE   : 2.072 M_sun
  Interpolator Fails  : 91.0% (Returned NaN)

[+] Pickling Physical Model to ../data/nb_output/nbxx/benchmark_v1...
[+] Pickling Interpolator Model to ../data/nb_output/nbxx/benchmark_v1...
